// Jest Snapshot v1, https://goo.gl/fbAQLP

exports[`Login component rendering correctly? 1`] = `
<div>
  <button>
    Login
  </button>
</div>
`;
